17:45:26 settling: load=1.25, need < 1.0
17:45:36 settling: load=1.06, need < 1.0
17:45:47 serve up: pid=404249 (minor, prefetch=on)
17:45:51 fcvm-clone n=1 rep=1: bringing up
17:45:59 fcvm-clone n=1 rep=1: clones=1 clone_cgroup_kb=265988 clone_pss_kb=595100
17:46:08 fcvm-clone n=1 rep=2: bringing up
17:46:16 fcvm-clone n=1 rep=2: clones=1 clone_cgroup_kb=249184 clone_pss_kb=606558
17:46:25 fcvm-clone n=1 rep=3: bringing up
17:46:33 fcvm-clone n=1 rep=3: clones=1 clone_cgroup_kb=226596 clone_pss_kb=604825
17:46:42 fcvm-clone n=2 rep=1: bringing up
17:46:51 fcvm-clone n=2 rep=1: clones=2 clone_cgroup_kb=481584 clone_pss_kb=747350
17:46:59 fcvm-clone n=2 rep=2: bringing up
17:47:08 fcvm-clone n=2 rep=2: clones=2 clone_cgroup_kb=461388 clone_pss_kb=735274
17:47:16 fcvm-clone n=2 rep=3: bringing up
17:47:25 fcvm-clone n=2 rep=3: clones=2 clone_cgroup_kb=472500 clone_pss_kb=737020
17:47:34 fcvm-clone n=4 rep=1: bringing up
17:47:44 fcvm-clone n=4 rep=1: clones=4 clone_cgroup_kb=1076464 clone_pss_kb=1113198
17:47:52 fcvm-clone n=4 rep=2: bringing up
17:48:03 fcvm-clone n=4 rep=2: clones=4 clone_cgroup_kb=1094152 clone_pss_kb=1138772
17:48:11 fcvm-clone n=4 rep=3: bringing up
17:48:21 fcvm-clone n=4 rep=3: clones=4 clone_cgroup_kb=1094276 clone_pss_kb=1148092
17:48:30 fcvm-clone n=8 rep=1: bringing up
17:48:48 fcvm-clone n=8 rep=1: clones=8 clone_cgroup_kb=3312568 clone_pss_kb=2656523
17:48:57 fcvm-clone n=8 rep=2: bringing up
17:49:15 fcvm-clone n=8 rep=2: clones=8 clone_cgroup_kb=3234440 clone_pss_kb=2686534
17:49:23 fcvm-clone n=8 rep=3: bringing up
17:49:43 fcvm-clone n=8 rep=3: clones=8 clone_cgroup_kb=3245392 clone_pss_kb=2692687
17:49:47 cputime fcvm 1/42: 980 ms CPU
17:49:48 cputime fcvm 2/42: 1139 ms CPU
17:49:49 cputime fcvm 3/42: 1814 ms CPU
17:49:50 cputime fcvm 4/42: 1794 ms CPU
17:49:51 cputime fcvm 5/42: 1784 ms CPU
17:49:52 cputime fcvm 6/42: 1773 ms CPU
17:49:55 cputime fcvm 7/42: 6727 ms CPU
17:49:58 cputime fcvm 8/42: 5659 ms CPU
17:50:00 cputime fcvm 9/42: 2395 ms CPU
17:50:01 cputime fcvm 10/42: 1167 ms CPU
17:50:01 cputime fcvm 11/42: 1181 ms CPU
17:50:02 cputime fcvm 12/42: 1189 ms CPU
17:50:03 cputime fcvm 13/42: 1299 ms CPU
17:50:03 cputime fcvm 14/42: 1169 ms CPU
17:50:04 cputime fcvm 15/42: 932 ms CPU
17:50:05 cputime fcvm 16/42: 1071 ms CPU
17:50:06 cputime fcvm 17/42: 1778 ms CPU
17:50:07 cputime fcvm 18/42: 1794 ms CPU
17:50:07 cputime fcvm 19/42: 1758 ms CPU
17:50:08 cputime fcvm 20/42: 1832 ms CPU
17:50:12 cputime fcvm 21/42: 6528 ms CPU
17:50:15 cputime fcvm 22/42: 5109 ms CPU
17:50:16 cputime fcvm 23/42: 2369 ms CPU
17:50:17 cputime fcvm 24/42: 1198 ms CPU
17:50:17 cputime fcvm 25/42: 1155 ms CPU
17:50:18 cputime fcvm 26/42: 1198 ms CPU
17:50:19 cputime fcvm 27/42: 1299 ms CPU
17:50:19 cputime fcvm 28/42: 1154 ms CPU
17:50:20 cputime fcvm 29/42: 997 ms CPU
17:50:20 cputime fcvm 30/42: 1167 ms CPU
17:50:21 cputime fcvm 31/42: 1590 ms CPU
17:50:22 cputime fcvm 32/42: 1609 ms CPU
17:50:24 cputime fcvm 33/42: 1868 ms CPU
17:50:25 cputime fcvm 34/42: 1819 ms CPU
17:50:29 cputime fcvm 35/42: 6660 ms CPU
17:50:32 cputime fcvm 36/42: 5755 ms CPU
17:50:33 cputime fcvm 37/42: 2390 ms CPU
17:50:34 cputime fcvm 38/42: 1245 ms CPU
17:50:35 cputime fcvm 39/42: 1250 ms CPU
17:50:35 cputime fcvm 40/42: 1181 ms CPU
17:50:36 cputime fcvm 41/42: 1311 ms CPU
17:50:37 cputime fcvm 42/42: 1182 ms CPU
17:53:37 BLOCKED: cputime container never became ready
